CCS PCH C Compiler, Version 4.140, 31805               27-fev-14 13:26

               Filename:   D:\Eletronica\Projetos\CCP\ccp.lst

               ROM used:   576 bytes (2%)
                           Largest free fragment is 32188
               RAM used:   26 (2%) at main() level
                           35 (2%) worst case
               Stack:     3 worst case (2 in main + 1 for interrupts)

*
0000:  GOTO   01D8
*
0008:  MOVWF  04
000A:  MOVFF  FD8,05
000E:  MOVFF  FE0,06
0012:  MOVLB  0
0014:  MOVFF  FE9,0C
0018:  MOVFF  FEA,07
001C:  MOVFF  FE1,08
0020:  MOVFF  FE2,09
0024:  MOVFF  FD9,0A
0028:  MOVFF  FDA,0B
002C:  MOVFF  FF3,12
0030:  MOVFF  FF4,13
0034:  MOVFF  FFA,14
0038:  MOVFF  FF5,15
003C:  MOVFF  FF6,16
0040:  MOVFF  FF7,17
0044:  MOVFF  00,0E
0048:  MOVFF  01,0F
004C:  MOVFF  02,10
0050:  MOVFF  03,11
0054:  BTFSS  F9D.2
0056:  GOTO   0060
005A:  BTFSC  F9E.2
005C:  GOTO   00AE
0060:  MOVFF  0E,00
0064:  MOVFF  0F,01
0068:  MOVFF  10,02
006C:  MOVFF  11,03
0070:  MOVFF  0C,FE9
0074:  MOVFF  07,FEA
0078:  BSF    07.7
007A:  MOVFF  08,FE1
007E:  MOVFF  09,FE2
0082:  MOVFF  0A,FD9
0086:  MOVFF  0B,FDA
008A:  MOVFF  12,FF3
008E:  MOVFF  13,FF4
0092:  MOVFF  14,FFA
0096:  MOVFF  15,FF5
009A:  MOVFF  16,FF6
009E:  MOVFF  17,FF7
00A2:  MOVF   04,W
00A4:  MOVFF  06,FE0
00A8:  MOVFF  05,FD8
00AC:  RETFIE 0
.................... #include <18F45K20.h> 
.................... //////// Standard Header file for the PIC18F45K20 device //////////////// 
.................... #device PIC18F45K20 
.................... #list 
....................  
....................  
.................... //#FUSES H4 
.................... #FUSES HS 
....................  
.................... #use delay(clock=15MHz) 
01AE:  CLRF   FEA
01B0:  MOVLW  1A
01B2:  MOVWF  FE9
01B4:  MOVF   FEF,W
01B6:  BZ    01D4
01B8:  MOVLW  04
01BA:  MOVWF  01
01BC:  CLRF   00
01BE:  DECFSZ 00,F
01C0:  BRA    01BE
01C2:  DECFSZ 01,F
01C4:  BRA    01BC
01C6:  MOVLW  DC
01C8:  MOVWF  00
01CA:  DECFSZ 00,F
01CC:  BRA    01CA
01CE:  NOP   
01D0:  DECFSZ FEF,F
01D2:  BRA    01B8
01D4:  GOTO   0238 (RETURN)
.................... //#use delay(crystal=15MHz, clock=60MHz) 
.................... #use rs232(xmit=PIN_C6, baud=9600) 
*
00BA:  BCF    F94.6
00BC:  BCF    F8B.6
00BE:  MOVLW  08
00C0:  MOVWF  01
00C2:  BRA    00C4
00C4:  NOP   
00C6:  BSF    01.7
00C8:  BRA    00E6
00CA:  BCF    01.7
00CC:  RRCF   22,F
00CE:  BTFSC  FD8.0
00D0:  BSF    F8B.6
00D2:  BTFSS  FD8.0
00D4:  BCF    F8B.6
00D6:  BSF    01.6
00D8:  BRA    00E6
00DA:  BCF    01.6
00DC:  DECFSZ 01,F
00DE:  BRA    00CC
00E0:  BRA    00E2
00E2:  NOP   
00E4:  BSF    F8B.6
00E6:  MOVLW  7C
00E8:  MOVWF  FE9
00EA:  DECFSZ FE9,F
00EC:  BRA    00EA
00EE:  NOP   
00F0:  BTFSC  01.7
00F2:  BRA    00CA
00F4:  BTFSC  01.6
00F6:  BRA    00DA
00F8:  RETURN 0
....................  
.................... #INT_CCP1 
.................... void isr_ccp1() { 
.................... 	clear_interrupt(INT_CCP1); 
*
00AE:  BCF    F9E.2
.................... 	set_timer3(0); 
00B0:  CLRF   FB3
00B2:  CLRF   FB2
.................... } 
....................  
00B4:  BCF    F9E.2
00B6:  GOTO   0060
.................... int main(void) { 
*
01D8:  CLRF   FF8
01DA:  BCF    FD0.7
01DC:  BSF    07.7
01DE:  CLRF   FEA
01E0:  CLRF   FE9
01E2:  BCF    F94.6
01E4:  BSF    F8B.6
01E6:  MOVLW  00
01E8:  MOVWF  F7E
01EA:  BCF    FC1.4
01EC:  BCF    FC1.5
01EE:  MOVF   F7F,W
01F0:  ANDLW  E0
01F2:  MOVWF  F7F
01F4:  BCF    F79.5
01F6:  BCF    F79.4
01F8:  CLRF   F7A
01FA:  CLRF   F7B
....................  
.................... 	setup_ccp1(CCP_CAPTURE_FE); 
01FC:  BSF    F94.2
01FE:  CLRF   FBD
0200:  MOVLW  04
0202:  MOVWF  FBD
0204:  CLRF   FB7
0206:  CLRF   FB6
0208:  MOVLW  01
020A:  MOVWF  FB9
.................... 	setup_timer_3(T3_INTERNAL | T3_DIV_BY_1 | T3_CCP1_TO_2); 
020C:  MOVLW  CD
020E:  MOVWF  FB1
.................... //	setup_timer_1(T1_INTERNAL | T1_DIV_BY_1); 
.................... 	enable_interrupts(INT_CCP1 | GLOBAL); 
0210:  MOVLW  C4
0212:  IORWF  FFF,F
....................  
.................... 	while (TRUE) { 
.................... 		printf("%lu\r\n", CCP_1); 
0214:  MOVLW  10
0216:  MOVWF  FE9
0218:  MOVFF  FBF,1A
021C:  MOVFF  FBE,19
0220:  BRA    00FA
0222:  MOVLW  0D
0224:  MOVWF  22
0226:  RCALL  00BA
0228:  MOVLW  0A
022A:  MOVWF  22
022C:  RCALL  00BA
.................... 		delay_ms(1000); 
022E:  MOVLW  04
0230:  MOVWF  19
0232:  MOVLW  FA
0234:  MOVWF  1A
0236:  BRA    01AE
0238:  DECFSZ 19,F
023A:  BRA    0232
.................... 	} 
023C:  BRA    0214
....................  
.................... 	return 0; 
023E:  MOVLW  00
0240:  MOVWF  01
.................... } 
0242:  SLEEP 

Configuration Fuses:
   Word  1: C200   HS FCMEN IESO
   Word  2: 1E1E   PUT BROWNOUT BORV18 NOWDT WDT32768
   Word  3: 8F00   CCP2C1 PBADEN LPT1OSC HFOFST MCLR
   Word  4: 0081   STVREN NOLVP NOXINST NODEBUG
   Word  5: C00F   NOPROTECT NOCPB NOCPD
   Word  6: E00F   NOWRT NOWRTC NOWRTB NOWRTD
   Word  7: 400F   NOEBTR NOEBTRB
