CCS PCH C Compiler, Version 4.140, 31805               10-fev-14 15:31

               Filename:   D:\Eletronica\Projetos\CCP\ccp.lst

               ROM used:   72 bytes (0%)
                           Largest free fragment is 32696
               RAM used:   5 (0%) at main() level
                           5 (0%) worst case
               Stack:     0 locations

*
0000:  GOTO   0004
.................... #include <18F45K20.h> 
.................... //////// Standard Header file for the PIC18F45K20 device //////////////// 
.................... #device PIC18F45K20 
.................... #list 
....................  
....................  
.................... #FUSES H4 
....................  
.................... #use delay(crystal=15MHz, clock=60MHz) 
....................  
.................... int duty = 50; 
....................  
.................... int main(void) { 
0004:  CLRF   FF8
0006:  BCF    FD0.7
0008:  CLRF   FEA
000A:  CLRF   FE9
000C:  MOVLW  32
000E:  MOVWF  04
0010:  MOVLW  00
0012:  MOVWF  F7E
0014:  BCF    FC1.4
0016:  BCF    FC1.5
0018:  MOVF   F7F,W
001A:  ANDLW  E0
001C:  MOVWF  F7F
001E:  BCF    F79.5
0020:  BCF    F79.4
0022:  CLRF   F7A
0024:  CLRF   F7B
....................  
.................... 	setup_ccp1(CCP_PWM); 
0026:  BCF    F94.2
0028:  BCF    F8B.2
002A:  MOVLW  0C
002C:  MOVWF  FBD
002E:  CLRF   FB7
0030:  CLRF   FB6
0032:  MOVLW  01
0034:  MOVWF  FB9
.................... 	setup_timer_2(T2_DIV_BY_1, 255, 1); 
0036:  MOVLW  00
0038:  IORLW  04
003A:  MOVWF  FCA
003C:  MOVLW  FF
003E:  MOVWF  FCB
.................... 	set_pwm1_duty(230); 
0040:  MOVLW  E6
0042:  MOVWF  FBE
....................  
.................... 	while (TRUE) 
.................... 		; 
0044:  BRA    0044
.................... } 
0046:  SLEEP 

Configuration Fuses:
   Word  1: C600   H4 FCMEN IESO
   Word  2: 1E1E   PUT BROWNOUT BORV18 NOWDT WDT32768
   Word  3: 8F00   CCP2C1 PBADEN LPT1OSC HFOFST MCLR
   Word  4: 0081   STVREN NOLVP NOXINST NODEBUG
   Word  5: C00F   NOPROTECT NOCPB NOCPD
   Word  6: E00F   NOWRT NOWRTC NOWRTB NOWRTD
   Word  7: 400F   NOEBTR NOEBTRB
